// Jest Snapshot v1, https://goo.gl/fbAQLP

exports[`renders correctly the input view 1`] = `
<TextInput
  allowFontScaling={true}
  onChangeText={[Function]}
  onSubmitEditing={[Function]}
  rejectResponderTermination={true}
  returnKeyType="done"
  style={
    Object {
      "backgroundColor": "#fff",
      "borderColor": "#00965e",
      "borderRadius": 5,
      "borderWidth": 2,
      "fontSize": 20,
      "height": 50,
      "marginBottom": 20,
      "marginLeft": 40,
      "marginRight": 40,
      "paddingLeft": 15,
      "paddingRight": 15,
    }
  }
  underlineColorAndroid="transparent"
  value="Deck name"
/>
`;
